[Mon Feb 06 15:13:12.203855 2017] [:error] [pid 8384:tid 1688] [client ::1:12304] PHP Warning:  OutputPage::transformFilePath: Failed to hash D:\\Bipul\\qubewire-wiki\\qw-wiki/../resources/assets/qw-logo.png [Called from OutputPage::transformFilePath in D:\\Bipul\\qubewire-wiki\\qw-wiki\\includes\\OutputPage.php at line 3662] in D:\\Bipul\\qubewire-wiki\\qw-wiki\\includes\\debug\\MWDebug.php on line 311, referer: http://localhost/index.php/File:Chrysanthemum.jpg
[Mon Feb 06 15:13:22.608706 2017] [:error] [pid 8384:tid 1688] [client ::1:12318] PHP Fatal error:  Call to undefined method MediaWiki::getVal() in D:\\Bipul\\qubewire-wiki\\qw-wiki\\extensions\\WYSIWYG\\CKeditor.body.php on line 221, referer: http://localhost/index.php/Main_Page
[Mon Feb 06 15:22:17.008504 2017] [:error] [pid 8384:tid 1728] [client ::1:12460] PHP Fatal error:  Call to undefined method MediaWiki::getVal() in D:\\Bipul\\qubewire-wiki\\qw-wiki\\extensions\\WYSIWYG\\CKeditor.body.php on line 221, referer: http://localhost/index.php/Main_Page
[Mon Feb 06 15:29:46.135423 2017] [:error] [pid 8384:tid 1696] [client ::1:12540] PHP Warning:  md5_file(D:\\Bipul\\qubewire-wiki\\qw-wiki/../resources/assets/qw-logo.png): failed to open stream: No such file or directory in D:\\Bipul\\qubewire-wiki\\qw-wiki\\includes\\OutputPage.php on line 3660, referer: http://localhost/index.php?title=Main_Page&action=edit
[Mon Feb 06 15:29:46.136423 2017] [:error] [pid 8384:tid 1696] [client ::1:12540] PHP Warning:  OutputPage::transformFilePath: Failed to hash D:\\Bipul\\qubewire-wiki\\qw-wiki/../resources/assets/qw-logo.png [Called from OutputPage::transformFilePath in D:\\Bipul\\qubewire-wiki\\qw-wiki\\includes\\OutputPage.php at line 3662] in D:\\Bipul\\qubewire-wiki\\qw-wiki\\includes\\debug\\MWDebug.php on line 311, referer: http://localhost/index.php?title=Main_Page&action=edit
[Mon Feb 06 15:29:51.691958 2017] [:error] [pid 8384:tid 1728] [client ::1:12539] PHP Warning:  md5_file(D:\\Bipul\\qubewire-wiki\\qw-wiki/../resources/assets/qw-logo.png): failed to open stream: No such file or directory in D:\\Bipul\\qubewire-wiki\\qw-wiki\\includes\\OutputPage.php on line 3660, referer: http://localhost/index.php/Main_Page
[Mon Feb 06 15:29:51.691958 2017] [:error] [pid 8384:tid 1728] [client ::1:12539] PHP Warning:  OutputPage::transformFilePath: Failed to hash D:\\Bipul\\qubewire-wiki\\qw-wiki/../resources/assets/qw-logo.png [Called from OutputPage::transformFilePath in D:\\Bipul\\qubewire-wiki\\qw-wiki\\includes\\OutputPage.php at line 3662] in D:\\Bipul\\qubewire-wiki\\qw-wiki\\includes\\debug\\MWDebug.php on line 311, referer: http://localhost/index.php/Main_Page
[Mon Feb 06 15:49:22.063801 2017] [:error] [pid 8384:tid 1696] [client ::1:12702] PHP Warning:  md5_file(D:\\Bipul\\qubewire-wiki\\qw-wiki/../resources/assets/qw-logo.png): failed to open stream: No such file or directory in D:\\Bipul\\qubewire-wiki\\qw-wiki\\includes\\OutputPage.php on line 3660, referer: http://localhost/index.php?title=Main_Page&action=edit
[Mon Feb 06 15:49:22.063801 2017] [:error] [pid 8384:tid 1696] [client ::1:12702] PHP Warning:  OutputPage::transformFilePath: Failed to hash D:\\Bipul\\qubewire-wiki\\qw-wiki/../resources/assets/qw-logo.png [Called from OutputPage::transformFilePath in D:\\Bipul\\qubewire-wiki\\qw-wiki\\includes\\OutputPage.php at line 3662] in D:\\Bipul\\qubewire-wiki\\qw-wiki\\includes\\debug\\MWDebug.php on line 311, referer: http://localhost/index.php?title=Main_Page&action=edit
[Mon Feb 06 15:51:10.173227 2017] [:error] [pid 8384:tid 1720] [client ::1:12726] PHP Warning:  md5_file(D:\\Bipul\\qubewire-wiki\\qw-wiki/../resources/assets/qw-logo.png): failed to open stream: No such file or directory in D:\\Bipul\\qubewire-wiki\\qw-wiki\\includes\\OutputPage.php on line 3660, referer: http://localhost/index.php/Main_Page
[Mon Feb 06 15:51:10.174227 2017] [:error] [pid 8384:tid 1720] [client ::1:12726] PHP Warning:  OutputPage::transformFilePath: Failed to hash D:\\Bipul\\qubewire-wiki\\qw-wiki/../resources/assets/qw-logo.png [Called from OutputPage::transformFilePath in D:\\Bipul\\qubewire-wiki\\qw-wiki\\includes\\OutputPage.php at line 3662] in D:\\Bipul\\qubewire-wiki\\qw-wiki\\includes\\debug\\MWDebug.php on line 311, referer: http://localhost/index.php/Main_Page
[Mon Feb 06 15:51:53.566470 2017] [core:error] [pid 8384:tid 1688] (20024)The given path is misformatted or contained invalid characters: [client ::1:12772] AH00127: Cannot map GET /index.php/MediaWiki:Version HTTP/1.1 to file, referer: http://localhost/index.php/Main_Page
[Mon Feb 06 15:54:21.485242 2017] [core:error] [pid 8384:tid 1688] (20024)The given path is misformatted or contained invalid characters: [client ::1:12817] AH00127: Cannot map GET /index.php/Special:Random HTTP/1.1 to file, referer: http://localhost/index.php?title=Main_Page&action=edit
[Mon Feb 06 15:54:52.395261 2017] [core:error] [pid 8384:tid 1688] (20024)The given path is misformatted or contained invalid characters: [client ::1:12826] AH00127: Cannot map GET /index.php/Special:SpecialPages HTTP/1.1 to file, referer: http://localhost/index.php/Images
[Mon Feb 06 15:54:53.456667 2017] [:error] [pid 8384:tid 1688] [client ::1:12826] PHP Warning:  md5_file(D:\\Bipul\\qubewire-wiki\\qw-wiki/../resources/assets/qw-logo.png): failed to open stream: No such file or directory in D:\\Bipul\\qubewire-wiki\\qw-wiki\\includes\\OutputPage.php on line 3660, referer: http://localhost/index.php/Special:SpecialPages
[Mon Feb 06 15:54:53.457668 2017] [:error] [pid 8384:tid 1688] [client ::1:12826] PHP Warning:  OutputPage::transformFilePath: Failed to hash D:\\Bipul\\qubewire-wiki\\qw-wiki/../resources/assets/qw-logo.png [Called from OutputPage::transformFilePath in D:\\Bipul\\qubewire-wiki\\qw-wiki\\includes\\OutputPage.php at line 3662] in D:\\Bipul\\qubewire-wiki\\qw-wiki\\includes\\debug\\MWDebug.php on line 311, referer: http://localhost/index.php/Special:SpecialPages
[Mon Feb 06 16:06:19.925411 2017] [:error] [pid 8384:tid 1688] [client ::1:12883] PHP Warning:  md5_file(D:\\Bipul\\qubewire-wiki\\qw-wiki/../resources/assets/qw-logo.png): failed to open stream: No such file or directory in D:\\Bipul\\qubewire-wiki\\qw-wiki\\includes\\OutputPage.php on line 3660, referer: http://localhost/index.php?title=Special:UserLogin&returnto=Main+Page
[Mon Feb 06 16:06:19.925411 2017] [:error] [pid 8384:tid 1688] [client ::1:12883] PHP Warning:  OutputPage::transformFilePath: Failed to hash D:\\Bipul\\qubewire-wiki\\qw-wiki/../resources/assets/qw-logo.png [Called from OutputPage::transformFilePath in D:\\Bipul\\qubewire-wiki\\qw-wiki\\includes\\OutputPage.php at line 3662] in D:\\Bipul\\qubewire-wiki\\qw-wiki\\includes\\debug\\MWDebug.php on line 311, referer: http://localhost/index.php?title=Special:UserLogin&returnto=Main+Page
[Mon Feb 06 16:12:33.656034 2017] [core:error] [pid 8384:tid 1696] (20024)The given path is misformatted or contained invalid characters: [client ::1:13041] AH00127: Cannot map GET /index.php/File:TEST_UPLOAD.docx HTTP/1.1 to file, referer: http://localhost/index.php?title=Main_Page&action=submit
[Mon Feb 06 16:12:34.871567 2017] [:error] [pid 8384:tid 1696] [client ::1:13041] PHP Warning:  md5_file(D:\\Bipul\\qubewire-wiki\\qw-wiki/../resources/assets/qw-logo.png): failed to open stream: No such file or directory in D:\\Bipul\\qubewire-wiki\\qw-wiki\\includes\\OutputPage.php on line 3660, referer: http://localhost/index.php/File:TEST_UPLOAD.docx
[Mon Feb 06 16:12:34.871567 2017] [:error] [pid 8384:tid 1696] [client ::1:13041] PHP Warning:  OutputPage::transformFilePath: Failed to hash D:\\Bipul\\qubewire-wiki\\qw-wiki/../resources/assets/qw-logo.png [Called from OutputPage::transformFilePath in D:\\Bipul\\qubewire-wiki\\qw-wiki\\includes\\OutputPage.php at line 3662] in D:\\Bipul\\qubewire-wiki\\qw-wiki\\includes\\debug\\MWDebug.php on line 311, referer: http://localhost/index.php/File:TEST_UPLOAD.docx
[Mon Feb 06 16:22:35.874979 2017] [core:error] [pid 8384:tid 1696] (20024)The given path is misformatted or contained invalid characters: [client ::1:13196] AH00127: Cannot map GET /index.php/Special:SpecialPages HTTP/1.1 to file, referer: http://localhost/index.php?title=Main_Page&action=submit
[Mon Feb 06 16:23:33.369589 2017] [core:error] [pid 8384:tid 1720] (20024)The given path is misformatted or contained invalid characters: [client ::1:13203] AH00127: Cannot map GET /index.php/Special:NewPages HTTP/1.1 to file, referer: http://localhost/index.php/Special:SpecialPages
[Mon Feb 06 16:23:34.787817 2017] [:error] [pid 8384:tid 1720] [client ::1:13203] PHP Warning:  md5_file(D:\\Bipul\\qubewire-wiki\\qw-wiki/../resources/assets/qw-logo.png): failed to open stream: No such file or directory in D:\\Bipul\\qubewire-wiki\\qw-wiki\\includes\\OutputPage.php on line 3660, referer: http://localhost/index.php/Special:NewPages
[Mon Feb 06 16:23:34.788817 2017] [:error] [pid 8384:tid 1720] [client ::1:13203] PHP Warning:  OutputPage::transformFilePath: Failed to hash D:\\Bipul\\qubewire-wiki\\qw-wiki/../resources/assets/qw-logo.png [Called from OutputPage::transformFilePath in D:\\Bipul\\qubewire-wiki\\qw-wiki\\includes\\OutputPage.php at line 3662] in D:\\Bipul\\qubewire-wiki\\qw-wiki\\includes\\debug\\MWDebug.php on line 311, referer: http://localhost/index.php/Special:NewPages
[Mon Feb 06 16:23:49.858858 2017] [core:error] [pid 8384:tid 1720] (20024)The given path is misformatted or contained invalid characters: [client ::1:13211] AH00127: Cannot map GET /index.php/Special:NewPages?namespace=4&tagfilter=&username= HTTP/1.1 to file, referer: http://localhost/index.php/Special:NewPages
[Mon Feb 06 16:24:08.656346 2017] [core:error] [pid 8384:tid 1720] (20024)The given path is misformatted or contained invalid characters: [client ::1:13214] AH00127: Cannot map GET /index.php/Special:NewPages?namespace=12&tagfilter=&username= HTTP/1.1 to file, referer: http://localhost/index.php/Special:NewPages?namespace=4&tagfilter=&username=
[Mon Feb 06 16:25:01.269033 2017] [core:error] [pid 8384:tid 1696] (20024)The given path is misformatted or contained invalid characters: [client ::1:13247] AH00127: Cannot map GET /index.php/Special:SpecialPages HTTP/1.1 to file, referer: http://localhost/
[Mon Feb 06 16:25:08.863004 2017] [:error] [pid 8384:tid 1688] [client ::1:13253] PHP Warning:  md5_file(D:\\Bipul\\qubewire-wiki\\qw-wiki/../resources/assets/qw-logo.png): failed to open stream: No such file or directory in D:\\Bipul\\qubewire-wiki\\qw-wiki\\includes\\OutputPage.php on line 3660, referer: http://localhost/index.php?title=Special:Badtitle&printable=yes
[Mon Feb 06 16:25:08.863004 2017] [:error] [pid 8384:tid 1688] [client ::1:13253] PHP Warning:  OutputPage::transformFilePath: Failed to hash D:\\Bipul\\qubewire-wiki\\qw-wiki/../resources/assets/qw-logo.png [Called from OutputPage::transformFilePath in D:\\Bipul\\qubewire-wiki\\qw-wiki\\includes\\OutputPage.php at line 3662] in D:\\Bipul\\qubewire-wiki\\qw-wiki\\includes\\debug\\MWDebug.php on line 311, referer: http://localhost/index.php?title=Special:Badtitle&printable=yes
[Mon Feb 06 16:25:12.169087 2017] [core:error] [pid 8384:tid 1696] (20024)The given path is misformatted or contained invalid characters: [client ::1:13254] AH00127: Cannot map GET /index.php/Special:SpecialPages HTTP/1.1 to file, referer: http://localhost/
[Mon Feb 06 16:25:15.538297 2017] [core:error] [pid 8384:tid 1696] (20024)The given path is misformatted or contained invalid characters: [client ::1:13254] AH00127: Cannot map GET /index.php/Special:RecentChanges HTTP/1.1 to file, referer: http://localhost/index.php/Special:SpecialPages
[Mon Feb 06 16:25:17.828478 2017] [core:error] [pid 8384:tid 1696] (20024)The given path is misformatted or contained invalid characters: [client ::1:13254] AH00127: Cannot map GET /index.php/Special:Random HTTP/1.1 to file, referer: http://localhost/index.php/Special:RecentChanges
[Mon Feb 06 16:33:16.800426 2017] [core:error] [pid 8384:tid 1720] (20024)The given path is misformatted or contained invalid characters: [client ::1:13365] AH00127: Cannot map GET /index.php/MediaWiki:Sidebar HTTP/1.1 to file, referer: http://localhost/index.php/Main_Page
[Mon Feb 06 16:34:22.603661 2017] [core:error] [pid 8384:tid 1720] (20024)The given path is misformatted or contained invalid characters: [client ::1:13383] AH00127: Cannot map GET /index.php/MediaWiki:Sidebar HTTP/1.1 to file, referer: http://localhost/index.php?title=MediaWiki:Sidebar&action=edit
[Mon Feb 06 16:35:44.731301 2017] [core:error] [pid 8384:tid 1744] (20024)The given path is misformatted or contained invalid characters: [client ::1:13412] AH00127: Cannot map GET /index.php/MediaWiki:Sidebar HTTP/1.1 to file, referer: http://localhost/index.php?title=MediaWiki:Sidebar&action=edit
[Mon Feb 06 16:36:26.129311 2017] [core:error] [pid 8384:tid 1744] (20024)The given path is misformatted or contained invalid characters: [client ::1:13436] AH00127: Cannot map GET /index.php/Special:WhatLinksHere/MediaWiki:Sidebar HTTP/1.1 to file, referer: http://localhost/index.php?title=MediaWiki:Sidebar&action=info
[Mon Feb 06 16:36:26.941102 2017] [:error] [pid 8384:tid 1720] [client ::1:13439] PHP Warning:  md5_file(D:\\Bipul\\qubewire-wiki\\qw-wiki/../resources/assets/qw-logo.png): failed to open stream: No such file or directory in D:\\Bipul\\qubewire-wiki\\qw-wiki\\includes\\OutputPage.php on line 3660, referer: http://localhost/index.php/Special:WhatLinksHere/MediaWiki:Sidebar
[Mon Feb 06 16:36:26.941102 2017] [:error] [pid 8384:tid 1720] [client ::1:13439] PHP Warning:  OutputPage::transformFilePath: Failed to hash D:\\Bipul\\qubewire-wiki\\qw-wiki/../resources/assets/qw-logo.png [Called from OutputPage::transformFilePath in D:\\Bipul\\qubewire-wiki\\qw-wiki\\includes\\OutputPage.php at line 3662] in D:\\Bipul\\qubewire-wiki\\qw-wiki\\includes\\debug\\MWDebug.php on line 311, referer: http://localhost/index.php/Special:WhatLinksHere/MediaWiki:Sidebar
[Mon Feb 06 16:36:30.298274 2017] [core:error] [pid 8384:tid 1720] (20024)The given path is misformatted or contained invalid characters: [client ::1:13439] AH00127: Cannot map GET /index.php/Special:SpecialPages HTTP/1.1 to file, referer: http://localhost/index.php/Special:WhatLinksHere/MediaWiki:Sidebar
[Mon Feb 06 16:36:30.836459 2017] [core:error] [pid 8384:tid 1744] (20024)The given path is misformatted or contained invalid characters: [client ::1:13436] AH00127: Cannot map GET /index.php/Special:SpecialPages HTTP/1.1 to file, referer: http://localhost/index.php/Special:WhatLinksHere/MediaWiki:Sidebar
[Mon Feb 06 16:36:44.201302 2017] [core:error] [pid 8384:tid 1720] (20024)The given path is misformatted or contained invalid characters: [client ::1:13454] AH00127: Cannot map GET /index.php/Special:RecentChangesLinked/Main_Page HTTP/1.1 to file, referer: http://localhost/index.php/Main_Page
[Mon Feb 06 16:36:46.001370 2017] [:error] [pid 8384:tid 1744] [client ::1:13465] PHP Warning:  md5_file(D:\\Bipul\\qubewire-wiki\\qw-wiki/../resources/assets/qw-logo.png): failed to open stream: No such file or directory in D:\\Bipul\\qubewire-wiki\\qw-wiki\\includes\\OutputPage.php on line 3660, referer: http://localhost/index.php/Special:RecentChangesLinked/Main_Page
[Mon Feb 06 16:36:46.002385 2017] [:error] [pid 8384:tid 1744] [client ::1:13465] PHP Warning:  OutputPage::transformFilePath: Failed to hash D:\\Bipul\\qubewire-wiki\\qw-wiki/../resources/assets/qw-logo.png [Called from OutputPage::transformFilePath in D:\\Bipul\\qubewire-wiki\\qw-wiki\\includes\\OutputPage.php at line 3662] in D:\\Bipul\\qubewire-wiki\\qw-wiki\\includes\\debug\\MWDebug.php on line 311, referer: http://localhost/index.php/Special:RecentChangesLinked/Main_Page
[Mon Feb 06 16:37:09.961085 2017] [core:error] [pid 8384:tid 1744] (20024)The given path is misformatted or contained invalid characters: [client ::1:13472] AH00127: Cannot map GET /index.php/Special:Preferences HTTP/1.1 to file, referer: http://localhost/index.php/Special:RecentChangesLinked/Main_Page
[Mon Feb 06 16:37:11.875588 2017] [:error] [pid 8384:tid 1744] [client ::1:13472] PHP Warning:  md5_file(D:\\Bipul\\qubewire-wiki\\qw-wiki/../resources/assets/qw-logo.png): failed to open stream: No such file or directory in D:\\Bipul\\qubewire-wiki\\qw-wiki\\includes\\OutputPage.php on line 3660, referer: http://localhost/index.php/Special:Preferences
[Mon Feb 06 16:37:11.876588 2017] [:error] [pid 8384:tid 1744] [client ::1:13472] PHP Warning:  OutputPage::transformFilePath: Failed to hash D:\\Bipul\\qubewire-wiki\\qw-wiki/../resources/assets/qw-logo.png [Called from OutputPage::transformFilePath in D:\\Bipul\\qubewire-wiki\\qw-wiki\\includes\\OutputPage.php at line 3662] in D:\\Bipul\\qubewire-wiki\\qw-wiki\\includes\\debug\\MWDebug.php on line 311, referer: http://localhost/index.php/Special:Preferences
[Mon Feb 06 16:38:43.396531 2017] [core:error] [pid 8384:tid 1720] (20024)The given path is misformatted or contained invalid characters: [client ::1:13487] AH00127: Cannot map GET /index.php/Special:Upload HTTP/1.1 to file, referer: http://localhost/index.php/Special:Preferences
[Mon Feb 06 16:38:44.633511 2017] [:error] [pid 8384:tid 1720] [client ::1:13487] PHP Warning:  md5_file(D:\\Bipul\\qubewire-wiki\\qw-wiki/../resources/assets/qw-logo.png): failed to open stream: No such file or directory in D:\\Bipul\\qubewire-wiki\\qw-wiki\\includes\\OutputPage.php on line 3660, referer: http://localhost/index.php/Special:Upload
[Mon Feb 06 16:38:44.634511 2017] [:error] [pid 8384:tid 1720] [client ::1:13487] PHP Warning:  OutputPage::transformFilePath: Failed to hash D:\\Bipul\\qubewire-wiki\\qw-wiki/../resources/assets/qw-logo.png [Called from OutputPage::transformFilePath in D:\\Bipul\\qubewire-wiki\\qw-wiki\\includes\\OutputPage.php at line 3662] in D:\\Bipul\\qubewire-wiki\\qw-wiki\\includes\\debug\\MWDebug.php on line 311, referer: http://localhost/index.php/Special:Upload
[Mon Feb 06 16:40:05.952192 2017] [core:error] [pid 8384:tid 1720] (20024)The given path is misformatted or contained invalid characters: [client ::1:13501] AH00127: Cannot map GET /index.php/Special:SpecialPages HTTP/1.1 to file, referer: http://localhost/index.php/Main_Page
[Mon Feb 06 16:40:46.975899 2017] [core:error] [pid 8384:tid 1744] (20024)The given path is misformatted or contained invalid characters: [client ::1:13531] AH00127: Cannot map GET /index.php/MediaWiki:Sidebar HTTP/1.1 to file, referer: http://localhost/index.php/Special:SpecialPages
[Mon Feb 06 16:41:40.993048 2017] [core:error] [pid 8384:tid 1720] (20024)The given path is misformatted or contained invalid characters: [client ::1:13547] AH00127: Cannot map GET /index.php/MediaWiki:Sidebar HTTP/1.1 to file, referer: http://localhost/index.php?title=MediaWiki:Sidebar&action=edit
[Mon Feb 06 16:42:28.515610 2017] [:error] [pid 8384:tid 1704] [client ::1:13582] PHP Warning:  md5_file(D:\\Bipul\\qubewire-wiki\\qw-wiki/../resources/assets/qw-logo.png): failed to open stream: No such file or directory in D:\\Bipul\\qubewire-wiki\\qw-wiki\\includes\\OutputPage.php on line 3660, referer: http://localhost/index.php?title=MediaWiki:Sidebar&action=history
[Mon Feb 06 16:42:28.516611 2017] [:error] [pid 8384:tid 1704] [client ::1:13582] PHP Warning:  OutputPage::transformFilePath: Failed to hash D:\\Bipul\\qubewire-wiki\\qw-wiki/../resources/assets/qw-logo.png [Called from OutputPage::transformFilePath in D:\\Bipul\\qubewire-wiki\\qw-wiki\\includes\\OutputPage.php at line 3662] in D:\\Bipul\\qubewire-wiki\\qw-wiki\\includes\\debug\\MWDebug.php on line 311, referer: http://localhost/index.php?title=MediaWiki:Sidebar&action=history
[Mon Feb 06 16:42:44.296238 2017] [:error] [pid 8384:tid 1696] [client ::1:13599] PHP Warning:  md5_file(D:\\Bipul\\qubewire-wiki\\qw-wiki/../resources/assets/qw-logo.png): failed to open stream: No such file or directory in D:\\Bipul\\qubewire-wiki\\qw-wiki\\includes\\OutputPage.php on line 3660, referer: http://localhost/index.php?title=MediaWiki%3ASidebar&type=revision&diff=43&oldid=42
[Mon Feb 06 16:42:44.297238 2017] [:error] [pid 8384:tid 1696] [client ::1:13599] PHP Warning:  OutputPage::transformFilePath: Failed to hash D:\\Bipul\\qubewire-wiki\\qw-wiki/../resources/assets/qw-logo.png [Called from OutputPage::transformFilePath in D:\\Bipul\\qubewire-wiki\\qw-wiki\\includes\\OutputPage.php at line 3662] in D:\\Bipul\\qubewire-wiki\\qw-wiki\\includes\\debug\\MWDebug.php on line 311, referer: http://localhost/index.php?title=MediaWiki%3ASidebar&type=revision&diff=43&oldid=42
[Mon Feb 06 16:43:31.710327 2017] [core:error] [pid 8384:tid 1696] (20024)The given path is misformatted or contained invalid characters: [client ::1:13607] AH00127: Cannot map GET /index.php/MediaWiki:Sidebar HTTP/1.1 to file, referer: http://localhost/index.php?title=MediaWiki:Sidebar&action=edit
[Mon Feb 06 17:21:13.992385 2017] [core:error] [pid 8384:tid 1728] (20024)The given path is misformatted or contained invalid characters: [client ::1:13926] AH00127: Cannot map GET /index.php/MediaWiki:Sidebar HTTP/1.1 to file, referer: http://localhost/index.php?title=Special:UserLogin&returnto=MediaWiki%3ASidebar
[Mon Feb 06 17:21:45.360115 2017] [core:error] [pid 8384:tid 1728] (20024)The given path is misformatted or contained invalid characters: [client ::1:13940] AH00127: Cannot map GET /index.php/MediaWiki:Sidebar HTTP/1.1 to file, referer: http://localhost/index.php?title=Special:UserLogin&returnto=MediaWiki%3ASidebar
[Mon Feb 06 17:22:21.737048 2017] [core:error] [pid 8384:tid 1728] (20024)The given path is misformatted or contained invalid characters: [client ::1:13953] AH00127: Cannot map GET /index.php/MediaWiki:Sidebar HTTP/1.1 to file, referer: http://localhost/index.php?title=Special:UserLogin&returnto=MediaWiki%3ASidebar
[Mon Feb 06 17:22:30.425435 2017] [core:error] [pid 8384:tid 1728] (20024)The given path is misformatted or contained invalid characters: [client ::1:13958] AH00127: Cannot map GET /index.php/Special:RecentChangesLinked/MediaWiki:Sidebar HTTP/1.1 to file, referer: http://localhost/index.php/MediaWiki:Sidebar
[Mon Feb 06 17:38:11.857921 2017] [:error] [pid 8384:tid 1720] [client ::1:14027] PHP Notice:  Undefined variable: wgUser in D:\\Bipul\\qubewire-wiki\\qw-wiki\\skins\\Vector\\VectorTemplate.php on line 259, referer: http://localhost/index.php/MediaWiki:Sidebar
[Mon Feb 06 17:38:11.857921 2017] [:error] [pid 8384:tid 1720] [client ::1:14027] PHP Fatal error:  Call to a member function isAnon() on null in D:\\Bipul\\qubewire-wiki\\qw-wiki\\skins\\Vector\\VectorTemplate.php on line 259, referer: http://localhost/index.php/MediaWiki:Sidebar
[Tue Feb 07 12:56:52.546589 2017] [mpm_winnt:notice] [pid 10184:tid 496] AH00422: Parent: Received shutdown signal -- Shutting down the server.
[Tue Feb 07 12:56:55.814095 2017] [mpm_winnt:notice] [pid 8384:tid 388] AH00364: Child: All worker threads have exited.
[Tue Feb 07 12:56:58.231379 2017] [mpm_winnt:notice] [pid 10184:tid 496] AH00430: Parent: Child process 8384 exited successfully.
[Tue Feb 07 12:57:36.185293 2017] [mpm_winnt:notice] [pid 14836:tid 500] AH00455: Apache/2.4.25 (Win32) OpenSSL/1.0.2j PHP/5.6.30 configured -- resuming normal operations
[Tue Feb 07 12:57:36.185293 2017] [mpm_winnt:notice] [pid 14836:tid 500] AH00456: Apache Lounge VC11 Server built: Dec 20 2016 13:02:04
[Tue Feb 07 12:57:36.185293 2017] [core:notice] [pid 14836:tid 500] AH00094: Command line: 'D:\\Bipul\\qubewire-wiki\\apache\\bin\\httpd.exe -d D:/Bipul/qubewire-wiki/apache'
[Tue Feb 07 12:57:36.222333 2017] [mpm_winnt:notice] [pid 14836:tid 500] AH00418: Parent: Created child process 9636
[Tue Feb 07 12:57:37.148256 2017] [mpm_winnt:notice] [pid 9636:tid 396] AH00354: Child: Starting 150 worker threads.
